src/App.tsx(2,8): error TS2307: Cannot find module './index.css' or its corresponding type declarations.
src/lib/supabaseClient.ts(3,33): error TS2339: Property 'env' does not exist on type 'ImportMeta'.
src/lib/supabaseClient.ts(4,37): error TS2339: Property 'env' does not exist on type 'ImportMeta'.
src/main.tsx(3,8): error TS2307: Cannot find module './index.css' or its corresponding type declarations.
src/modules/Cotizaciones.tsx(33,5): error TS6133: 'onUpdateQuote' is declared but its value is never read.
